// Jest Snapshot v1, https://goo.gl/fbAQLP

exports[`Makes fetches list of makes 1`] = `
Object {
  "data": Object {
    "locationByCoords": Object {
      "id": "0000",
      "value": "Torino",
    },
  },
  "errors": undefined,
  "extensions": undefined,
  "http": Object {
    "headers": Headers {
      Symbol(map): Object {},
    },
  },
}
`;
